[www.magazineluiza.com.br/smartphone-samsung-galaxy-a16-128gb-verde-claro-4gb-ram-67-fhd-cam-tripla-de-ate-50mp-selfie-13mp-bateria-5000mah/p/238898800/te/galx/index.html]
[wx.mlcdn.com.br/site/shared/favicon/favicon-16x16.png]
[wx.mlcdn.com.br/site/shared/favicon/favicon-96x96.png]
[wx.mlcdn.com.br/site/shared/favicon/favicon-72x72.png]
[wx.mlcdn.com.br/site/shared/favicon/favicon-57x57.png]
[www.datadoghq-browser-agent.com/us5/v5/datadog-rum.js]
[wx.mlcdn.com.br/site/shared/stewie/stewie-3.1.0.min.js]
[i.btg360.com.br/btg360-2.0.1.min.js]
[static.criteo.net/js/ld/ld.js]
[analytics.tiktok.com/i18n/pixel/events.js]
[pixel.byspotify.com/ping.min.js]
[cdn.perfdrive.com/aperture/aperture.js]
[backblue.gif]
[fade.gif]
[index.html]
[tags.creativecdn.com/msWukR4UlwKQouZSY8IT.js]
[wx.mlcdn.com.br/shared/azion/azfp-63fe5.min.js]
[a-static.mlcdn.com.br/800x560/smartphone-samsung-galaxy-a16-128gb-verde-claro-4gb-ram-67-fhd-cam-tripla-de-ate-50mp-selfie-13mp-bateria-5000mah/magazineluiza/238898800/876977a70e2c2e84b0e4f8ed1e18dfc5.jpg]
[bat.bing.com/bat.js]
[www.magazineluiza.com.br/mixer/_next/static/chunks/polyfills-c67a75d1b6f99dc8.js]
[www.magazineluiza.com.br/mixer/_next/static/chunks/webpack-4f559a11a36ea607.js]
[www.magazineluiza.com.br/mixer/_next/static/chunks/framework-3b35a0adeb4f5e0a.js]
[www.magazineluiza.com.br/mixer/_next/static/chunks/main-ed990d06436d5634.js]
[www.magazineluiza.com.br/mixer/_next/static/chunks/pages/_app-49f90477c11dab54.js]
[www.magazineluiza.com.br/mixer/_next/static/chunks/2edb282b-26ef073df83e75e8.js]
[www.magazineluiza.com.br/mixer/_next/static/chunks/e893f787-6e6061850d640417.js]
[www.magazineluiza.com.br/mixer/_next/static/chunks/a29ae703-5bdfd3d7f25f923e.js]
[www.magazineluiza.com.br/mixer/_next/static/chunks/651-abca07757113f305.js]
[www.magazineluiza.com.br/mixer/_next/static/chunks/5040-9db6f0a29ef23103.js]
[www.magazineluiza.com.br/mixer/_next/static/chunks/3789-c58c821a1695058d.js]
[www.magazineluiza.com.br/mixer/_next/static/chunks/8035-7a03452ad34f5ab1.js]
[www.magazineluiza.com.br/mixer/_next/static/chunks/6473-d086b15bc67a7c04.js]
[www.magazineluiza.com.br/mixer/_next/static/chunks/5168-6296f444d2d92dbf.js]
[www.magazineluiza.com.br/mixer/_next/static/chunks/9267-7605e4269ee9cb83.js]
[www.magazineluiza.com.br/mixer/_next/static/chunks/2031-f610ab3c5bd9f8cd.js]
[www.magazineluiza.com.br/mixer/_next/static/chunks/1782-30aeb81a5a252c4d.js]
[www.magazineluiza.com.br/mixer/_next/static/chunks/4490-760dd1c5152d86de.js]
[www.magazineluiza.com.br/mixer/_next/static/chunks/5449-9f9f044cbe912a67.js]
[www.magazineluiza.com.br/mixer/_next/static/chunks/7833-3875e1e95fa7ef9f.js]
[www.magazineluiza.com.br/mixer/_next/static/chunks/8621-d20f9b2ae6d60afd.js]
[www.magazineluiza.com.br/mixer/_next/static/chunks/8956-24ff409a82e2e6be.js]
[www.magazineluiza.com.br/mixer/_next/static/chunks/8350-6a58628e2d833eaf.js]
[www.magazineluiza.com.br/mixer/_next/static/chunks/2269-f1540771f2c6ad96.js]
[www.magazineluiza.com.br/mixer/_next/static/chunks/2553-521ca2ca32564f2b.js]
[www.magazineluiza.com.br/mixer/_next/static/chunks/3531-963242cf07e82f1d.js]
[www.magazineluiza.com.br/mixer/_next/static/chunks/9344-af996a7fdc9f9986.js]
[www.magazineluiza.com.br/mixer/_next/static/chunks/2768-65eaf4d0711ae83e.js]
[www.magazineluiza.com.br/mixer/_next/static/chunks/2499-44c87011c64a4451.js]
[www.magazineluiza.com.br/mixer/_next/static/chunks/4458-cc6859ae7de94426.js]
[www.magazineluiza.com.br/mixer/_next/static/chunks/1049-8928de2ee8eb9b39.js]
[www.magazineluiza.com.br/mixer/_next/static/chunks/8664-a243336895f5a1e7.js]
[www.magazineluiza.com.br/mixer/_next/static/chunks/4718-3943d2ead7eeb033.js]
[www.magazineluiza.com.br/mixer/_next/static/chunks/2898-5428f3990d593b3d.js]
[www.magazineluiza.com.br/mixer/_next/static/chunks/6371-d45380b93bb98d9c.js]
[www.magazineluiza.com.br/mixer/_next/static/chunks/4449-3fbf06b2b364b116.js]
[www.magazineluiza.com.br/mixer/_next/static/chunks/3267-e5ebe18c35bdc0eb.js]
[www.magazineluiza.com.br/mixer/_next/static/chunks/921-4d6977890593d0e7.js]
[www.magazineluiza.com.br/mixer/_next/static/chunks/4200-1d9aa5e17802b49c.js]
[www.magazineluiza.com.br/mixer/_next/static/chunks/6908-e1dcfba852719d24.js]
[www.magazineluiza.com.br/mixer/_next/static/chunks/3852-2a9b82c7673af657.js]
[www.magazineluiza.com.br/mixer/_next/static/chunks/2061-93a574308d631f1b.js]
[www.magazineluiza.com.br/mixer/_next/static/chunks/1276-6fc2d225eca1d24a.js]
[www.magazineluiza.com.br/mixer/_next/static/chunks/4408-8f2bc7b2b1e7fca8.js]
[www.magazineluiza.com.br/mixer/_next/static/chunks/8086-6a240e4b03c3864e.js]
[www.magazineluiza.com.br/mixer/_next/static/chunks/6449-2877544c25016c48.js]
[www.magazineluiza.com.br/mixer/_next/static/chunks/9091-ef56f083208a078c.js]
[www.magazineluiza.com.br/mixer/_next/static/chunks/2911-ad41faff214547e0.js]
[www.magazineluiza.com.br/mixer/_next/static/chunks/598-6db41258132aba9a.js]
[www.magazineluiza.com.br/mixer/_next/static/chunks/9975-64c2db260cb27f55.js]
[www.magazineluiza.com.br/mixer/_next/static/chunks/9748-bb0abfb6e188a682.js]
[www.magazineluiza.com.br/mixer/_next/static/chunks/7281-ab897da27de98ceb.js]
[www.magazineluiza.com.br/mixer/_next/static/chunks/3470-35a79a2ee80069ae.js]
[www.magazineluiza.com.br/mixer/_next/static/chunks/8473-ed54f7594cbd9632.js]
[www.magazineluiza.com.br/mixer/_next/static/chunks/3126-b095e3c206996288.js]
[www.magazineluiza.com.br/mixer/_next/static/chunks/4709-2f335ec42b5c6c3a.js]
[www.magazineluiza.com.br/mixer/_next/static/chunks/9616-bc8d3939462a017a.js]
[www.magazineluiza.com.br/mixer/_next/static/chunks/4379-00be973470f06b58.js]
[www.magazineluiza.com.br/mixer/_next/static/chunks/1681-f4959101291b8390.js]
[www.magazineluiza.com.br/mixer/_next/static/chunks/7597-b091581657a980bd.js]
[www.magazineluiza.com.br/mixer/_next/static/chunks/8354-510df88de47ee1e1.js]
[www.magazineluiza.com.br/mixer/_next/static/chunks/1765-fa328cded2462ace.js]
[www.magazineluiza.com.br/mixer/_next/static/chunks/pages/[path0]/p/[path2]/[path3]/[path4]-70ac5785933f046a.js]
[www.magazineluiza.com.br/mixer/_next/static/D8lsDKBbSEEZoKUomE2al/_buildManifest.js]
[www.magazineluiza.com.br/mixer/_next/static/D8lsDKBbSEEZoKUomE2al/_ssgManifest.js]
[review-produtos-storage-prd.magalu.com/review/Magalu-Mktplace/magazineluiza/238898500/image/thumbnails/67ed5d92244e802f013caf00.jpeg]
[wx.mlcdn.com.br/site/desk/header/magazineluiza/logo-lu209a.png]
[a-static.mlcdn.com.br/90x90/smartphone-samsung-galaxy-a16-128gb-verde-claro-4gb-ram-67-fhd-cam-tripla-de-ate-50mp-selfie-13mp-bateria-5000mah/magazineluiza/238898800/876977a70e2c2e84b0e4f8ed1e18dfc5.jpg]
[a-static.mlcdn.com.br/90x90/smartphone-samsung-galaxy-a16-128gb-verde-claro-4gb-ram-67-fhd-cam-tripla-de-ate-50mp-selfie-13mp-bateria-5000mah/magazineluiza/238898800/5f103dabae807ad5cec9424ab0695bca.jpg]
[a-static.mlcdn.com.br/90x90/smartphone-samsung-galaxy-a16-128gb-verde-claro-4gb-ram-67-fhd-cam-tripla-de-ate-50mp-selfie-13mp-bateria-5000mah/magazineluiza/238898800/3eb994010bf849e66d1ec37ce4b4ccfc.jpg]
[a-static.mlcdn.com.br/90x90/smartphone-samsung-galaxy-a16-128gb-verde-claro-4gb-ram-67-fhd-cam-tripla-de-ate-50mp-selfie-13mp-bateria-5000mah/magazineluiza/238898800/80dbfc38e6096e979497fc243cf45740.jpg]
[wx.mlcdn.com.br/site/shared/sellers/third-party.png]
[wx.mlcdn.com.br/site/shared/lu-content/lu-explains-new.png]
[wx.mlcdn.com.br/site/shared/lu-content/lu-explain.png]
[wx.mlcdn.com.br/ponzi/production/uploads/1_d925bfccaa82c7.jpg]
[wx.mlcdn.com.br/ponzi/production/uploads/2_c7dd455fa982c7.jpg]
[wx.mlcdn.com.br/ponzi/production/uploads/1_345acb19b982c7.jpg]
[wx.mlcdn.com.br/ponzi/production/uploads/1_488f0c3e0b82c7.jpg]
[selo.compreconfie.com.br/reputation/100515.png]
[wx.mlcdn.com.br/site/desk/footer/consumidor-gov-reduzido.png]
[imgs.ebit.com.br/ebitBR/selo-ebit/js/getSelo94c7.js]
[s3.amazonaws.com/raichu-beta/selos/bundle.js]
[a-static.mlcdn.com.br/800x800/smartphone-samsung-galaxy-a16-256gb-cinza-8gb-ram-67-fhd-cam-tripla-selfie-13mp/magazineluiza/238898900/5f103dabae807ad5cec9424ab0695bca.jpg]
[a-static.mlcdn.com.br/800x800/smartphone-samsung-galaxy-a16-256gb-cinza-8gb-ram-67-fhd-cam-tripla-selfie-13mp/magazineluiza/238898900/3eb994010bf849e66d1ec37ce4b4ccfc.jpg]
[a-static.mlcdn.com.br/800x800/smartphone-samsung-galaxy-a16-256gb-cinza-8gb-ram-67-fhd-cam-tripla-selfie-13mp/magazineluiza/238898900/80dbfc38e6096e979497fc243cf45740.jpg]
[a-static.mlcdn.com.br/800x800/smartphone-samsung-galaxy-a16-256gb-cinza-8gb-ram-67-fhd-cam-tripla-selfie-13mp/magazineluiza/238898900/ab53c9a5f3039e430cc898090c7c9432.jpg]
[a-static.mlcdn.com.br/800x800/smartphone-samsung-galaxy-a16-256gb-cinza-8gb-ram-67-fhd-cam-tripla-selfie-13mp/magazineluiza/238898900/1a1a8b87b4f1730456d1927f0423670e.jpg]
[a-static.mlcdn.com.br/800x800/smartphone-samsung-galaxy-a16-256gb-cinza-8gb-ram-67-fhd-cam-tripla-selfie-13mp/magazineluiza/238898900/43a66831685e5dc8ce7f7f404b3ce8f5.jpg]
[a-static.mlcdn.com.br/800x800/smartphone-samsung-galaxy-a16-256gb-cinza-8gb-ram-67-fhd-cam-tripla-selfie-13mp/magazineluiza/238898900/d7dc39cc8bc6fdac0502e73bae4dce33.jpg]
[a-static.mlcdn.com.br/800x800/smartphone-samsung-galaxy-a16-256gb-cinza-8gb-ram-67-fhd-cam-tripla-selfie-13mp/magazineluiza/238898900/e7897169ee3dde2c0a5903e757183684.jpg]
[a-static.mlcdn.com.br/800x800/smartphone-samsung-galaxy-a16-256gb-cinza-8gb-ram-67-fhd-cam-tripla-selfie-13mp/magazineluiza/238898900/e72d9159c31eee134173bc2b8f32e092.jpg]
[a-static.mlcdn.com.br/800x800/smartphone-samsung-galaxy-a16-256gb-cinza-8gb-ram-67-fhd-cam-tripla-selfie-13mp/magazineluiza/238898900/d624e92eb11924a2c2a6d22ac518ac18.jpg]
[a-static.mlcdn.com.br/800x800/smartphone-samsung-galaxy-a16-256gb-cinza-8gb-ram-67-fhd-cam-tripla-selfie-13mp/magazineluiza/238898900/4ee896b7b80cf65fc048797cb39287b2.jpg]
[a-static.mlcdn.com.br/800x800/smartphone-samsung-galaxy-a16-256gb-cinza-8gb-ram-67-fhd-cam-tripla-selfie-13mp/magazineluiza/238898900/d1ec2a6b84c0b49e82208c7aa01a8f2d.jpg]
[a-static.mlcdn.com.br/800x800/smartphone-samsung-galaxy-a16-256gb-cinza-8gb-ram-67-fhd-cam-tripla-selfie-13mp/magazineluiza/238898900/1b9b5ebb8833e00799b2c5edefb85c6b.jpg]
[a-static.mlcdn.com.br/800x800/smartphone-samsung-galaxy-a16-256gb-cinza-8gb-ram-67-fhd-cam-tripla-selfie-13mp/magazineluiza/238898900/7064dc943fd3032fef36e9ddd1d97201.jpg]
[a-static.mlcdn.com.br/800x800/smartphone-samsung-galaxy-a16-256gb-cinza-8gb-ram-67-fhd-cam-tripla-selfie-13mp/magazineluiza/238898900/52d76c14bbdc93687c85098e445e01e2.jpg]
[a-static.mlcdn.com.br/800x800/smartphone-samsung-galaxy-a16-256gb-cinza-8gb-ram-67-fhd-cam-tripla-selfie-13mp/magazineluiza/238898900/d16addaafecb33871b13e1562f34c40c.jpg]
[a-static.mlcdn.com.br/800x800/smartphone-samsung-galaxy-a16-256gb-cinza-8gb-ram-67-fhd-cam-tripla-selfie-13mp/magazineluiza/238898900/365e0eb6bcf940a6459f51056437aa49.jpg]
[a-static.mlcdn.com.br/800x800/smartphone-samsung-galaxy-a16-256gb-cinza-8gb-ram-67-fhd-cam-tripla-selfie-13mp/magazineluiza/238898900/bcf4e5c4b2b454dbb04250aed6c6d1ea.jpg]
[a-static.mlcdn.com.br/800x800/smartphone-samsung-galaxy-a16-256gb-cinza-8gb-ram-67-fhd-cam-tripla-selfie-13mp/magazineluiza/238898900/63128b8494a4dc50b88d36039f5310d2.jpg]
[a-static.mlcdn.com.br/800x800/smartphone-samsung-galaxy-a16-256gb-verde-claro-8gb-ram-67-fhd-cam-tripla-selfie-13mp/magazineluiza/238898200/5f103dabae807ad5cec9424ab0695bca.jpg]
[a-static.mlcdn.com.br/800x800/smartphone-samsung-galaxy-a16-256gb-verde-claro-8gb-ram-67-fhd-cam-tripla-selfie-13mp/magazineluiza/238898200/3eb994010bf849e66d1ec37ce4b4ccfc.jpg]
[a-static.mlcdn.com.br/800x800/smartphone-samsung-galaxy-a16-256gb-verde-claro-8gb-ram-67-fhd-cam-tripla-selfie-13mp/magazineluiza/238898200/80dbfc38e6096e979497fc243cf45740.jpg]
[a-static.mlcdn.com.br/800x800/smartphone-samsung-galaxy-a16-256gb-verde-claro-8gb-ram-67-fhd-cam-tripla-selfie-13mp/magazineluiza/238898200/ab53c9a5f3039e430cc898090c7c9432.jpg]
[a-static.mlcdn.com.br/800x800/smartphone-samsung-galaxy-a16-256gb-verde-claro-8gb-ram-67-fhd-cam-tripla-selfie-13mp/magazineluiza/238898200/1a1a8b87b4f1730456d1927f0423670e.jpg]
[a-static.mlcdn.com.br/800x800/smartphone-samsung-galaxy-a16-256gb-verde-claro-8gb-ram-67-fhd-cam-tripla-selfie-13mp/magazineluiza/238898200/43a66831685e5dc8ce7f7f404b3ce8f5.jpg]
[a-static.mlcdn.com.br/800x800/smartphone-samsung-galaxy-a16-256gb-verde-claro-8gb-ram-67-fhd-cam-tripla-selfie-13mp/magazineluiza/238898200/d7dc39cc8bc6fdac0502e73bae4dce33.jpg]
[a-static.mlcdn.com.br/800x800/smartphone-samsung-galaxy-a16-256gb-verde-claro-8gb-ram-67-fhd-cam-tripla-selfie-13mp/magazineluiza/238898200/e7897169ee3dde2c0a5903e757183684.jpg]
[a-static.mlcdn.com.br/800x800/smartphone-samsung-galaxy-a16-256gb-verde-claro-8gb-ram-67-fhd-cam-tripla-selfie-13mp/magazineluiza/238898200/e72d9159c31eee134173bc2b8f32e092.jpg]
[a-static.mlcdn.com.br/800x800/smartphone-samsung-galaxy-a16-256gb-verde-claro-8gb-ram-67-fhd-cam-tripla-selfie-13mp/magazineluiza/238898200/4908e38a2fa0902bd943f9a5da9fd6c0.jpg]
[a-static.mlcdn.com.br/800x800/smartphone-samsung-galaxy-a16-256gb-verde-claro-8gb-ram-67-fhd-cam-tripla-selfie-13mp/magazineluiza/238898200/74b32a5166db6e10384a1721504c7700.jpg]
[a-static.mlcdn.com.br/800x800/smartphone-samsung-galaxy-a16-256gb-verde-claro-8gb-ram-67-fhd-cam-tripla-selfie-13mp/magazineluiza/238898200/ecbb606ea4fa4975b135053b436d1e3a.jpg]
[a-static.mlcdn.com.br/800x800/smartphone-samsung-galaxy-a16-256gb-verde-claro-8gb-ram-67-fhd-cam-tripla-selfie-13mp/magazineluiza/238898200/7ec0a0b2c24d2dd79c81cc5b57a76143.jpg]
[a-static.mlcdn.com.br/800x800/smartphone-samsung-galaxy-a16-256gb-verde-claro-8gb-ram-67-fhd-cam-tripla-selfie-13mp/magazineluiza/238898200/0a3bcdb3409b6227903763d49801e866.jpg]
[a-static.mlcdn.com.br/800x800/smartphone-samsung-galaxy-a16-256gb-verde-claro-8gb-ram-67-fhd-cam-tripla-selfie-13mp/magazineluiza/238898200/457120a4d228445e3184394ebcbcb6e7.jpg]
[a-static.mlcdn.com.br/800x800/smartphone-samsung-galaxy-a16-256gb-verde-claro-8gb-ram-67-fhd-cam-tripla-selfie-13mp/magazineluiza/238898200/ef8fbe44e232038f662184b441179e3e.jpg]
[a-static.mlcdn.com.br/800x800/smartphone-samsung-galaxy-a16-256gb-verde-claro-8gb-ram-67-fhd-cam-tripla-selfie-13mp/magazineluiza/238898200/8485f1291030d5df4a558f573a9183b9.jpg]
[a-static.mlcdn.com.br/800x800/smartphone-samsung-galaxy-a16-256gb-verde-claro-8gb-ram-67-fhd-cam-tripla-selfie-13mp/magazineluiza/238898200/1255f947d28896d490e8429bd901aba7.jpg]
[a-static.mlcdn.com.br/800x800/smartphone-samsung-galaxy-a16-256gb-verde-claro-8gb-ram-67-fhd-cam-tripla-selfie-13mp/magazineluiza/238898200/1d796c327b68a639b842c01186353092.jpg]
[a-static.mlcdn.com.br/800x800/smartphone-samsung-galaxy-a16-128gb-cinza-4gb-ram-67-fhd-cam-tripla-de-ate-50mp-selfie-13mp-bateria-5000mah/magazineluiza/238899100/5f103dabae807ad5cec9424ab0695bca.jpg]
[a-static.mlcdn.com.br/800x800/smartphone-samsung-galaxy-a16-128gb-cinza-4gb-ram-67-fhd-cam-tripla-de-ate-50mp-selfie-13mp-bateria-5000mah/magazineluiza/238899100/3eb994010bf849e66d1ec37ce4b4ccfc.jpg]
[a-static.mlcdn.com.br/800x800/smartphone-samsung-galaxy-a16-128gb-cinza-4gb-ram-67-fhd-cam-tripla-de-ate-50mp-selfie-13mp-bateria-5000mah/magazineluiza/238899100/80dbfc38e6096e979497fc243cf45740.jpg]
[a-static.mlcdn.com.br/800x800/smartphone-samsung-galaxy-a16-128gb-cinza-4gb-ram-67-fhd-cam-tripla-de-ate-50mp-selfie-13mp-bateria-5000mah/magazineluiza/238899100/ab53c9a5f3039e430cc898090c7c9432.jpg]
[a-static.mlcdn.com.br/800x800/smartphone-samsung-galaxy-a16-128gb-cinza-4gb-ram-67-fhd-cam-tripla-de-ate-50mp-selfie-13mp-bateria-5000mah/magazineluiza/238899100/1a1a8b87b4f1730456d1927f0423670e.jpg]
[a-static.mlcdn.com.br/800x800/smartphone-samsung-galaxy-a16-128gb-cinza-4gb-ram-67-fhd-cam-tripla-de-ate-50mp-selfie-13mp-bateria-5000mah/magazineluiza/238899100/43a66831685e5dc8ce7f7f404b3ce8f5.jpg]
[a-static.mlcdn.com.br/800x800/smartphone-samsung-galaxy-a16-128gb-cinza-4gb-ram-67-fhd-cam-tripla-de-ate-50mp-selfie-13mp-bateria-5000mah/magazineluiza/238899100/d7dc39cc8bc6fdac0502e73bae4dce33.jpg]
[a-static.mlcdn.com.br/800x800/smartphone-samsung-galaxy-a16-128gb-cinza-4gb-ram-67-fhd-cam-tripla-de-ate-50mp-selfie-13mp-bateria-5000mah/magazineluiza/238899100/e7897169ee3dde2c0a5903e757183684.jpg]
[a-static.mlcdn.com.br/800x800/smartphone-samsung-galaxy-a16-128gb-cinza-4gb-ram-67-fhd-cam-tripla-de-ate-50mp-selfie-13mp-bateria-5000mah/magazineluiza/238899100/e72d9159c31eee134173bc2b8f32e092.jpg]
[a-static.mlcdn.com.br/800x800/smartphone-samsung-galaxy-a16-128gb-cinza-4gb-ram-67-fhd-cam-tripla-de-ate-50mp-selfie-13mp-bateria-5000mah/magazineluiza/238899100/a9a9f44801530e7d7c74d675cc97175d.jpg]
[a-static.mlcdn.com.br/800x800/smartphone-samsung-galaxy-a16-128gb-cinza-4gb-ram-67-fhd-cam-tripla-de-ate-50mp-selfie-13mp-bateria-5000mah/magazineluiza/238899100/e516930725bfa1c99c4baca2a0e41512.jpg]
[a-static.mlcdn.com.br/800x800/smartphone-samsung-galaxy-a16-128gb-cinza-4gb-ram-67-fhd-cam-tripla-de-ate-50mp-selfie-13mp-bateria-5000mah/magazineluiza/238899100/d1ec2a6b84c0b49e82208c7aa01a8f2d.jpg]
[a-static.mlcdn.com.br/800x800/smartphone-samsung-galaxy-a16-128gb-cinza-4gb-ram-67-fhd-cam-tripla-de-ate-50mp-selfie-13mp-bateria-5000mah/magazineluiza/238899100/1b9b5ebb8833e00799b2c5edefb85c6b.jpg]
[a-static.mlcdn.com.br/800x800/smartphone-samsung-galaxy-a16-128gb-cinza-4gb-ram-67-fhd-cam-tripla-de-ate-50mp-selfie-13mp-bateria-5000mah/magazineluiza/238899100/7064dc943fd3032fef36e9ddd1d97201.jpg]
[a-static.mlcdn.com.br/800x800/smartphone-samsung-galaxy-a16-128gb-cinza-4gb-ram-67-fhd-cam-tripla-de-ate-50mp-selfie-13mp-bateria-5000mah/magazineluiza/238899100/52d76c14bbdc93687c85098e445e01e2.jpg]
[a-static.mlcdn.com.br/800x800/smartphone-samsung-galaxy-a16-128gb-cinza-4gb-ram-67-fhd-cam-tripla-de-ate-50mp-selfie-13mp-bateria-5000mah/magazineluiza/238899100/d16addaafecb33871b13e1562f34c40c.jpg]
[a-static.mlcdn.com.br/800x800/smartphone-samsung-galaxy-a16-128gb-cinza-4gb-ram-67-fhd-cam-tripla-de-ate-50mp-selfie-13mp-bateria-5000mah/magazineluiza/238899100/365e0eb6bcf940a6459f51056437aa49.jpg]
[a-static.mlcdn.com.br/800x800/smartphone-samsung-galaxy-a16-128gb-cinza-4gb-ram-67-fhd-cam-tripla-de-ate-50mp-selfie-13mp-bateria-5000mah/magazineluiza/238899100/bcf4e5c4b2b454dbb04250aed6c6d1ea.jpg]
[a-static.mlcdn.com.br/800x800/smartphone-samsung-galaxy-a16-128gb-cinza-4gb-ram-67-fhd-cam-tripla-de-ate-50mp-selfie-13mp-bateria-5000mah/magazineluiza/238899100/63128b8494a4dc50b88d36039f5310d2.jpg]
[a-static.mlcdn.com.br/800x800/smartphone-samsung-galaxy-a16-128gb-preto-4gb-ram-67-fhd-cam-tripla-de-ate-50mp-selfie-13mp-bateria-5000mah/magazineluiza/238898600/5f103dabae807ad5cec9424ab0695bca.jpg]
[a-static.mlcdn.com.br/800x800/smartphone-samsung-galaxy-a16-128gb-preto-4gb-ram-67-fhd-cam-tripla-de-ate-50mp-selfie-13mp-bateria-5000mah/magazineluiza/238898600/3eb994010bf849e66d1ec37ce4b4ccfc.jpg]
[a-static.mlcdn.com.br/800x800/smartphone-samsung-galaxy-a16-128gb-preto-4gb-ram-67-fhd-cam-tripla-de-ate-50mp-selfie-13mp-bateria-5000mah/magazineluiza/238898600/80dbfc38e6096e979497fc243cf45740.jpg]
[a-static.mlcdn.com.br/800x800/smartphone-samsung-galaxy-a16-128gb-preto-4gb-ram-67-fhd-cam-tripla-de-ate-50mp-selfie-13mp-bateria-5000mah/magazineluiza/238898600/ab53c9a5f3039e430cc898090c7c9432.jpg]
[a-static.mlcdn.com.br/800x800/smartphone-samsung-galaxy-a16-128gb-preto-4gb-ram-67-fhd-cam-tripla-de-ate-50mp-selfie-13mp-bateria-5000mah/magazineluiza/238898600/1a1a8b87b4f1730456d1927f0423670e.jpg]
[a-static.mlcdn.com.br/800x800/smartphone-samsung-galaxy-a16-128gb-preto-4gb-ram-67-fhd-cam-tripla-de-ate-50mp-selfie-13mp-bateria-5000mah/magazineluiza/238898600/43a66831685e5dc8ce7f7f404b3ce8f5.jpg]
[a-static.mlcdn.com.br/800x800/smartphone-samsung-galaxy-a16-128gb-preto-4gb-ram-67-fhd-cam-tripla-de-ate-50mp-selfie-13mp-bateria-5000mah/magazineluiza/238898600/d7dc39cc8bc6fdac0502e73bae4dce33.jpg]
[a-static.mlcdn.com.br/800x800/smartphone-samsung-galaxy-a16-128gb-preto-4gb-ram-67-fhd-cam-tripla-de-ate-50mp-selfie-13mp-bateria-5000mah/magazineluiza/238898600/e7897169ee3dde2c0a5903e757183684.jpg]
[a-static.mlcdn.com.br/800x800/smartphone-samsung-galaxy-a16-128gb-preto-4gb-ram-67-fhd-cam-tripla-de-ate-50mp-selfie-13mp-bateria-5000mah/magazineluiza/238898600/e72d9159c31eee134173bc2b8f32e092.jpg]
[a-static.mlcdn.com.br/800x800/smartphone-samsung-galaxy-a16-128gb-preto-4gb-ram-67-fhd-cam-tripla-de-ate-50mp-selfie-13mp-bateria-5000mah/magazineluiza/238898600/7de718e17c5eed9180ca3c53969df38a.jpg]
[a-static.mlcdn.com.br/800x800/smartphone-samsung-galaxy-a16-128gb-preto-4gb-ram-67-fhd-cam-tripla-de-ate-50mp-selfie-13mp-bateria-5000mah/magazineluiza/238898600/59ab0ad23c672e0bd5ccd3dde1e2dcde.jpg]
[a-static.mlcdn.com.br/800x800/smartphone-samsung-galaxy-a16-128gb-preto-4gb-ram-67-fhd-cam-tripla-de-ate-50mp-selfie-13mp-bateria-5000mah/magazineluiza/238898600/247eb1cfdc8abe48e8addeeb3cca7f4c.jpg]
[a-static.mlcdn.com.br/800x800/smartphone-samsung-galaxy-a16-128gb-preto-4gb-ram-67-fhd-cam-tripla-de-ate-50mp-selfie-13mp-bateria-5000mah/magazineluiza/238898600/ad1fe8dccd6fce94ac12fed496090ecf.jpg]
[a-static.mlcdn.com.br/800x800/smartphone-samsung-galaxy-a16-128gb-preto-4gb-ram-67-fhd-cam-tripla-de-ate-50mp-selfie-13mp-bateria-5000mah/magazineluiza/238898600/7892b3f8b8638beb29db9ba321ace1b6.jpg]
[a-static.mlcdn.com.br/800x800/smartphone-samsung-galaxy-a16-128gb-preto-4gb-ram-67-fhd-cam-tripla-de-ate-50mp-selfie-13mp-bateria-5000mah/magazineluiza/238898600/c312d7f3562cb04a9b71ed74825141b5.jpg]
[a-static.mlcdn.com.br/800x800/smartphone-samsung-galaxy-a16-128gb-preto-4gb-ram-67-fhd-cam-tripla-de-ate-50mp-selfie-13mp-bateria-5000mah/magazineluiza/238898600/168c875d2e81d35b563813c6458518db.jpg]
[a-static.mlcdn.com.br/800x800/smartphone-samsung-galaxy-a16-128gb-preto-4gb-ram-67-fhd-cam-tripla-de-ate-50mp-selfie-13mp-bateria-5000mah/magazineluiza/238898600/3174143b82642f5293aab47133ada00f.jpg]
[a-static.mlcdn.com.br/800x800/smartphone-samsung-galaxy-a16-128gb-preto-4gb-ram-67-fhd-cam-tripla-de-ate-50mp-selfie-13mp-bateria-5000mah/magazineluiza/238898600/eb3196d3c5be5d41a14b6c2d5e15928b.jpg]
[a-static.mlcdn.com.br/800x800/smartphone-samsung-galaxy-a16-128gb-preto-4gb-ram-67-fhd-cam-tripla-de-ate-50mp-selfie-13mp-bateria-5000mah/magazineluiza/238898600/8c5145a051988dbb191f388fa797c5e4.jpg]
[a-static.mlcdn.com.br/800x800/smartphone-samsung-galaxy-a16-128gb-verde-claro-4gb-ram-67-fhd-cam-tripla-de-ate-50mp-selfie-13mp-bateria-5000mah/magazineluiza/238898800/5f103dabae807ad5cec9424ab0695bca.jpg]
[a-static.mlcdn.com.br/800x800/smartphone-samsung-galaxy-a16-128gb-verde-claro-4gb-ram-67-fhd-cam-tripla-de-ate-50mp-selfie-13mp-bateria-5000mah/magazineluiza/238898800/3eb994010bf849e66d1ec37ce4b4ccfc.jpg]
[a-static.mlcdn.com.br/800x800/smartphone-samsung-galaxy-a16-128gb-verde-claro-4gb-ram-67-fhd-cam-tripla-de-ate-50mp-selfie-13mp-bateria-5000mah/magazineluiza/238898800/80dbfc38e6096e979497fc243cf45740.jpg]
[a-static.mlcdn.com.br/800x800/smartphone-samsung-galaxy-a16-128gb-verde-claro-4gb-ram-67-fhd-cam-tripla-de-ate-50mp-selfie-13mp-bateria-5000mah/magazineluiza/238898800/ab53c9a5f3039e430cc898090c7c9432.jpg]
[a-static.mlcdn.com.br/800x800/smartphone-samsung-galaxy-a16-128gb-verde-claro-4gb-ram-67-fhd-cam-tripla-de-ate-50mp-selfie-13mp-bateria-5000mah/magazineluiza/238898800/1a1a8b87b4f1730456d1927f0423670e.jpg]
[a-static.mlcdn.com.br/800x800/smartphone-samsung-galaxy-a16-128gb-verde-claro-4gb-ram-67-fhd-cam-tripla-de-ate-50mp-selfie-13mp-bateria-5000mah/magazineluiza/238898800/43a66831685e5dc8ce7f7f404b3ce8f5.jpg]
[a-static.mlcdn.com.br/800x800/smartphone-samsung-galaxy-a16-128gb-verde-claro-4gb-ram-67-fhd-cam-tripla-de-ate-50mp-selfie-13mp-bateria-5000mah/magazineluiza/238898800/d7dc39cc8bc6fdac0502e73bae4dce33.jpg]
[a-static.mlcdn.com.br/800x800/smartphone-samsung-galaxy-a16-128gb-verde-claro-4gb-ram-67-fhd-cam-tripla-de-ate-50mp-selfie-13mp-bateria-5000mah/magazineluiza/238898800/e7897169ee3dde2c0a5903e757183684.jpg]
[a-static.mlcdn.com.br/800x800/smartphone-samsung-galaxy-a16-128gb-verde-claro-4gb-ram-67-fhd-cam-tripla-de-ate-50mp-selfie-13mp-bateria-5000mah/magazineluiza/238898800/e72d9159c31eee134173bc2b8f32e092.jpg]
[a-static.mlcdn.com.br/800x800/smartphone-samsung-galaxy-a16-128gb-verde-claro-4gb-ram-67-fhd-cam-tripla-de-ate-50mp-selfie-13mp-bateria-5000mah/magazineluiza/238898800/4908e38a2fa0902bd943f9a5da9fd6c0.jpg]
[a-static.mlcdn.com.br/800x800/smartphone-samsung-galaxy-a16-128gb-verde-claro-4gb-ram-67-fhd-cam-tripla-de-ate-50mp-selfie-13mp-bateria-5000mah/magazineluiza/238898800/7ea816e8fc87915fadbd56a6ab6262d5.jpg]
[a-static.mlcdn.com.br/800x800/smartphone-samsung-galaxy-a16-128gb-verde-claro-4gb-ram-67-fhd-cam-tripla-de-ate-50mp-selfie-13mp-bateria-5000mah/magazineluiza/238898800/ecbb606ea4fa4975b135053b436d1e3a.jpg]
[a-static.mlcdn.com.br/800x800/smartphone-samsung-galaxy-a16-128gb-verde-claro-4gb-ram-67-fhd-cam-tripla-de-ate-50mp-selfie-13mp-bateria-5000mah/magazineluiza/238898800/7ec0a0b2c24d2dd79c81cc5b57a76143.jpg]
[a-static.mlcdn.com.br/800x800/smartphone-samsung-galaxy-a16-128gb-verde-claro-4gb-ram-67-fhd-cam-tripla-de-ate-50mp-selfie-13mp-bateria-5000mah/magazineluiza/238898800/0a3bcdb3409b6227903763d49801e866.jpg]
[a-static.mlcdn.com.br/800x800/smartphone-samsung-galaxy-a16-128gb-verde-claro-4gb-ram-67-fhd-cam-tripla-de-ate-50mp-selfie-13mp-bateria-5000mah/magazineluiza/238898800/457120a4d228445e3184394ebcbcb6e7.jpg]
[a-static.mlcdn.com.br/800x800/smartphone-samsung-galaxy-a16-128gb-verde-claro-4gb-ram-67-fhd-cam-tripla-de-ate-50mp-selfie-13mp-bateria-5000mah/magazineluiza/238898800/ef8fbe44e232038f662184b441179e3e.jpg]
[a-static.mlcdn.com.br/800x800/smartphone-samsung-galaxy-a16-128gb-verde-claro-4gb-ram-67-fhd-cam-tripla-de-ate-50mp-selfie-13mp-bateria-5000mah/magazineluiza/238898800/8485f1291030d5df4a558f573a9183b9.jpg]
[a-static.mlcdn.com.br/800x800/smartphone-samsung-galaxy-a16-128gb-verde-claro-4gb-ram-67-fhd-cam-tripla-de-ate-50mp-selfie-13mp-bateria-5000mah/magazineluiza/238898800/1255f947d28896d490e8429bd901aba7.jpg]
[a-static.mlcdn.com.br/800x800/smartphone-samsung-galaxy-a16-128gb-verde-claro-4gb-ram-67-fhd-cam-tripla-de-ate-50mp-selfie-13mp-bateria-5000mah/magazineluiza/238898800/1d796c327b68a639b842c01186353092.jpg]
[a-static.mlcdn.com.br/800x800/smartphone-samsung-galaxy-a16-256gb-preto-claro-8gb-ram-67-fhd-selfie-cam-tripla-13mp/magazineluiza/238898500/5f103dabae807ad5cec9424ab0695bca.jpg]
[a-static.mlcdn.com.br/800x800/smartphone-samsung-galaxy-a16-256gb-preto-claro-8gb-ram-67-fhd-selfie-cam-tripla-13mp/magazineluiza/238898500/3eb994010bf849e66d1ec37ce4b4ccfc.jpg]
[a-static.mlcdn.com.br/800x800/smartphone-samsung-galaxy-a16-256gb-preto-claro-8gb-ram-67-fhd-selfie-cam-tripla-13mp/magazineluiza/238898500/80dbfc38e6096e979497fc243cf45740.jpg]
[a-static.mlcdn.com.br/800x800/smartphone-samsung-galaxy-a16-256gb-preto-claro-8gb-ram-67-fhd-selfie-cam-tripla-13mp/magazineluiza/238898500/ab53c9a5f3039e430cc898090c7c9432.jpg]
[a-static.mlcdn.com.br/800x800/smartphone-samsung-galaxy-a16-256gb-preto-claro-8gb-ram-67-fhd-selfie-cam-tripla-13mp/magazineluiza/238898500/1a1a8b87b4f1730456d1927f0423670e.jpg]
[a-static.mlcdn.com.br/800x800/smartphone-samsung-galaxy-a16-256gb-preto-claro-8gb-ram-67-fhd-selfie-cam-tripla-13mp/magazineluiza/238898500/43a66831685e5dc8ce7f7f404b3ce8f5.jpg]
[a-static.mlcdn.com.br/800x800/smartphone-samsung-galaxy-a16-256gb-preto-claro-8gb-ram-67-fhd-selfie-cam-tripla-13mp/magazineluiza/238898500/d7dc39cc8bc6fdac0502e73bae4dce33.jpg]
[a-static.mlcdn.com.br/800x800/smartphone-samsung-galaxy-a16-256gb-preto-claro-8gb-ram-67-fhd-selfie-cam-tripla-13mp/magazineluiza/238898500/e7897169ee3dde2c0a5903e757183684.jpg]
[a-static.mlcdn.com.br/800x800/smartphone-samsung-galaxy-a16-256gb-preto-claro-8gb-ram-67-fhd-selfie-cam-tripla-13mp/magazineluiza/238898500/e72d9159c31eee134173bc2b8f32e092.jpg]
[a-static.mlcdn.com.br/800x800/smartphone-samsung-galaxy-a16-256gb-preto-claro-8gb-ram-67-fhd-selfie-cam-tripla-13mp/magazineluiza/238898500/7de718e17c5eed9180ca3c53969df38a.jpg]
[a-static.mlcdn.com.br/800x800/smartphone-samsung-galaxy-a16-256gb-preto-claro-8gb-ram-67-fhd-selfie-cam-tripla-13mp/magazineluiza/238898500/06b8f96be5c0a8fa47a54166c1704cf4.jpg]
[a-static.mlcdn.com.br/800x800/smartphone-samsung-galaxy-a16-256gb-preto-claro-8gb-ram-67-fhd-selfie-cam-tripla-13mp/magazineluiza/238898500/247eb1cfdc8abe48e8addeeb3cca7f4c.jpg]
[a-static.mlcdn.com.br/800x800/smartphone-samsung-galaxy-a16-256gb-preto-claro-8gb-ram-67-fhd-selfie-cam-tripla-13mp/magazineluiza/238898500/ad1fe8dccd6fce94ac12fed496090ecf.jpg]
[a-static.mlcdn.com.br/800x800/smartphone-samsung-galaxy-a16-256gb-preto-claro-8gb-ram-67-fhd-selfie-cam-tripla-13mp/magazineluiza/238898500/7892b3f8b8638beb29db9ba321ace1b6.jpg]
[a-static.mlcdn.com.br/800x800/smartphone-samsung-galaxy-a16-256gb-preto-claro-8gb-ram-67-fhd-selfie-cam-tripla-13mp/magazineluiza/238898500/c312d7f3562cb04a9b71ed74825141b5.jpg]
[a-static.mlcdn.com.br/800x800/smartphone-samsung-galaxy-a16-256gb-preto-claro-8gb-ram-67-fhd-selfie-cam-tripla-13mp/magazineluiza/238898500/168c875d2e81d35b563813c6458518db.jpg]
[a-static.mlcdn.com.br/800x800/smartphone-samsung-galaxy-a16-256gb-preto-claro-8gb-ram-67-fhd-selfie-cam-tripla-13mp/magazineluiza/238898500/3174143b82642f5293aab47133ada00f.jpg]
[a-static.mlcdn.com.br/800x800/smartphone-samsung-galaxy-a16-256gb-preto-claro-8gb-ram-67-fhd-selfie-cam-tripla-13mp/magazineluiza/238898500/eb3196d3c5be5d41a14b6c2d5e15928b.jpg]
[a-static.mlcdn.com.br/800x800/smartphone-samsung-galaxy-a16-256gb-preto-claro-8gb-ram-67-fhd-selfie-cam-tripla-13mp/magazineluiza/238898500/8c5145a051988dbb191f388fa797c5e4.jpg]
[www.magazineluiza.com.br/smartphone-samsung-galaxy-a16-128gb-verde-claro-4gb-ram-67-fhd-cam-tripla-de-ate-50mp-selfie-13mp-bateria-5000mah/p/238898800/te/galx/index.html]
[www.googletagmanager.com/gtm5445.html]
